// Jest Snapshot v1, https://goo.gl/fbAQLP

exports[`env should construct a backend url 1`] = `"http://localhost:8000/foo/bar"`;

exports[`env should provide the correct backend-base-url 1`] = `"http://localhost:8000"`;
